
=== 0. воспроизведение боевой точки ===
  wCV = 1.74948   (STATE.md: 1.74948)
  пофолдово: 1.76913 1.76257 1.75073 1.74314

=== 1. error decomposition ===
    -> diagnostics/error_decomposition.csv  (52 строк)
shape: (8, 6)
┌──────────────┬─────────────────┬─────────────────────┬─────────────────────┬────────────────────┬───────────────────────┐
│ segmentation ┆ segment         ┆ users_pct           ┆ error_share         ┆ rmsle              ┆ log_bias              │
│ ---          ┆ ---             ┆ ---                 ┆ ---                 ┆ ---                ┆ ---                   │
│ str          ┆ str             ┆ f64                 ┆ f64                 ┆ f64                ┆ f64                   │
╞══════════════╪═════════════════╪═════════════════════╪═════════════════════╪════════════════════╪═══════════════════════╡
│ recent_spend ┆ 0-1k            ┆ 0.5920285338109013  ┆ 0.6101360956827799  ┆ 1.7841287851333618 ┆ 0.020439185202121735  │
│ outcome      ┆ y>0             ┆ 0.6115647986483813  ┆ 0.5614803314208984  ┆ 1.684208631515503  ┆ 0.9967221021652222    │
│ gmv_bucket   ┆ 0-500           ┆ 0.562785909761405   ┆ 0.46615917086601255 ┆ 1.5982784032821655 ┆ 0.9069808125495911    │
│ outcome      ┆ y=0             ┆ 0.3884352013516187  ┆ 0.4385196586449941  ┆ 1.8629273176193237 ┆ -1.5526180267333984   │
│ gmv_bucket   ┆ y=0             ┆ 0.3884352013516187  ┆ 0.4385196586449941  ┆ 1.8629273176193237 ┆ -1.5526180267333984   │
│ recent_spend ┆ нет трат за 30д ┆ 0.3919409429867025  ┆ 0.37757418155670164 ┆ 1.722075343132019  ┆ -0.035751067101955414 │
│ recency      ┆ 0-7             ┆ 0.32912423599879326 ┆ 0.2921552538871765  ┆ 1.6537240743637085 ┆ 0.04096429422497749   │
│ lifecycle    ┆ 4-7             ┆ 0.2026008964239778  ┆ 0.27178715467453    ┆ 2.0323894023895264 ┆ -0.00839544739574194  │
└──────────────┴─────────────────┴─────────────────────┴─────────────────────┴────────────────────┴───────────────────────┘

=== 2. calibration ===
    -> diagnostics/murphy_decomposition.csv  (5 строк)
shape: (5, 6)
┌────────────┬────────────────────┬───────────────────┬────────────────────┬───────────────────────┬───────────────────────┐
│ fold       ┆ mse                ┆ uncertainty       ┆ resolution         ┆ reliability           ┆ reliability_share     │
│ ---        ┆ ---                ┆ ---               ┆ ---                ┆ ---                   ┆ ---                   │
│ str        ┆ f64                ┆ f64               ┆ f64                ┆ f64                   ┆ f64                   │
╞════════════╪════════════════════╪═══════════════════╪════════════════════╪═══════════════════════╪═══════════════════════╡
│ 2025-09-04 ┆ 3.129833459854126  ┆ 5.535986423492432 ┆ 2.3894688878814665 ┆ 0.002257814168234644  ┆ 0.0007213847628620711 │
│ 2025-09-18 ┆ 3.1066391468048096 ┆ 5.544356822967529 ┆ 2.4219447975250117 ┆ 0.00236943504659134   ┆ 0.000762700440773211  │
│ 2025-10-02 ┆ 3.0650436878204346 ┆ 5.500407695770264 ┆ 2.4188685353752524 ┆ 0.0017834221280683311 ┆ 0.0005818586322782662 │
│ 2025-10-16 ┆ 3.038520336151123  ┆ 5.475982666015625 ┆ 2.420111097538645  ┆ 0.001084089006938963  ┆ 0.00035678188295826   │
│ pooled     ┆ 3.084411144256592  ┆ 5.514131546020508 ┆ 2.41306877068922   ┆ 0.0014182757499840604 ┆ 0.0004598205892962739 │
└────────────┴────────────────────┴───────────────────┴────────────────────┴───────────────────────┴───────────────────────┘
    -> diagnostics/calibration_temporal_safe.csv  (4 строк)
shape: (4, 9)
┌────────────┬────────┬────────────────────┬────────────────────┬───┬────────────────────┬─────────────────────────┬────────────────────┬─────────────────────────┐
│ fold       ┆ n      ┆ base_shift_only    ┆ a                  ┆ … ┆ affine             ┆ d_affine                ┆ seg4               ┆ d_seg4                  │
│ ---        ┆ ---    ┆ ---                ┆ ---                ┆   ┆ ---                ┆ ---                     ┆ ---                ┆ ---                     │
│ str        ┆ i64    ┆ f64                ┆ f64                ┆   ┆ f64                ┆ f64                     ┆ f64                ┆ f64                     │
╞════════════╪════════╪════════════════════╪════════════════════╪═══╪════════════════════╪═════════════════════════╪════════════════════╪═════════════════════════╡
│ 2025-09-04 ┆ 188518 ┆ 1.7691335680915756 ┆ NaN                ┆ … ┆ NaN                ┆ NaN                     ┆ NaN                ┆ NaN                     │
│ 2025-09-18 ┆ 191025 ┆ 1.7625660978903417 ┆ 1.021973466738905  ┆ … ┆ 1.7621062511932437 ┆ -0.00045984669709797643 ┆ 1.762057244677981  ┆ -0.0005088532123607159  │
│ 2025-10-02 ┆ 193694 ┆ 1.7507266462181816 ┆ 1.0245030191583044 ┆ … ┆ 1.750347530692901  ┆ -0.00037911552528058223 ┆ 1.7505138364888135 ┆ -0.00021280972936810194 │
│ 2025-10-16 ┆ 197379 ┆ 1.7431352015199024 ┆ 1.0241543205092791 ┆ … ┆ 1.7429692325926895 ┆ -0.00016596892721287837 ┆ 1.7430683651796903 ┆ -0.00006683634021209528 │
└────────────┴────────┴────────────────────┴────────────────────┴───┴────────────────────┴─────────────────────────┴────────────────────┴─────────────────────────┘
    -> diagnostics/calibration_isotonic_ceiling.csv  (4 строк)
shape: (4, 4)
┌────────────┬────────────────────┬───────────────────────────┬────────────────────────┐
│ fold       ┆ shift_only         ┆ isotonic_ceiling_insample ┆ gain                   │
│ ---        ┆ ---                ┆ ---                       ┆ ---                    │
│ str        ┆ f64                ┆ f64                       ┆ f64                    │
╞════════════╪════════════════════╪═══════════════════════════╪════════════════════════╡
│ 2025-09-04 ┆ 1.7691335680915756 ┆ 1.7678399085998535        ┆ -0.00129365949172211   │
│ 2025-09-18 ┆ 1.7625660978903417 ┆ 1.7614243030548096        ┆ -0.0011417948355321172 │
│ 2025-10-02 ┆ 1.7507266462181816 ┆ 1.749567985534668         ┆ -0.0011586606835136681 │
│ 2025-10-16 ┆ 1.7431352015199024 ┆ 1.7422370910644531        ┆ -0.0008981104554492969 │
└────────────┴────────────────────┴───────────────────────────┴────────────────────────┘
    -> diagnostics/calibration_curve.csv  (10 строк)

=== 3. zero / non-zero ===
    -> diagnostics/zero_nonzero.csv  (5 строк)
shape: (5, 8)
┌────────────┬────────┬─────────────────────┬─────────────────────┬────────────────────┬────────────────────┬────────────────────┬────────────────────┐
│ fold       ┆ n      ┆ zero_rate           ┆ zero_error_share    ┆ mean_pred_on_zeros ┆ rmsle_zeros        ┆ rmsle_pos          ┆ auc_zero           │
│ ---        ┆ ---    ┆ ---                 ┆ ---                 ┆ ---                ┆ ---                ┆ ---                ┆ ---                │
│ str        ┆ i64    ┆ f64                 ┆ f64                 ┆ f64                ┆ f64                ┆ f64                ┆ f64                │
╞════════════╪════════╪═════════════════════╪═════════════════════╪════════════════════╪════════════════════╪════════════════════╪════════════════════╡
│ 2025-09-04 ┆ 188518 ┆ 0.3998185849627091  ┆ 0.4420735538005829  ┆ 1.5440946817398071 ┆ 1.860271692276001  ┆ 1.7057204246520996 ┆ 0.8398167030268228 │
│ 2025-09-18 ┆ 191025 ┆ 0.38964009946342104 ┆ 0.44136643409729004 ┆ 1.569342017173767  ┆ 1.875915288925171  ┆ 1.6862266063690186 ┆ 0.8417473458478452 │
│ 2025-10-02 ┆ 193694 ┆ 0.38758041033795576 ┆ 0.4392484128475189  ┆ 1.5576292276382446 ┆ 1.863770842552185  ┆ 1.6752477884292603 ┆ 0.8433085423046676 │
│ 2025-10-16 ┆ 197379 ┆ 0.3871384493791133  ┆ 0.4369993507862091  ┆ 1.5398118495941162 ┆ 1.851988673210144  ┆ 1.6707226037979126 ┆ 0.8441911318599568 │
│ pooled     ┆ 770616 ┆ 0.39097163827379655 ┆ 0.43991100788116455 ┆ 1.5526180267333984 ┆ 1.8629273176193237 ┆ 1.684208631515503  ┆ 0.8422850770468507 │
└────────────┴────────┴─────────────────────┴─────────────────────┴────────────────────┴────────────────────┴────────────────────┴────────────────────┘

  оракулы (сколько метрики лежит в каждой части задачи):
    -> diagnostics/oracle_bounds.csv  (4 строк)
shape: (4, 6)
┌────────────┬────────────────────┬────────────────────┬────────────────────┬─────────────────────┬─────────────────────┐
│ fold       ┆ current            ┆ oracle_zero        ┆ oracle_magnitude   ┆ gain_zero           ┆ gain_magnitude      │
│ ---        ┆ ---                ┆ ---                ┆ ---                ┆ ---                 ┆ ---                 │
│ str        ┆ f64                ┆ f64                ┆ f64                ┆ f64                 ┆ f64                 │
╞════════════╪════════════════════╪════════════════════╪════════════════════╪═════════════════════╪═════════════════════╡
│ 2025-09-04 ┆ 1.7691335678100586 ┆ 1.0541211366653442 ┆ 1.1762722730636597 ┆ -0.7150124311447144 ┆ -0.5928612947463989 │
│ 2025-09-18 ┆ 1.762566089630127  ┆ 1.059657335281372  ┆ 1.1709680557250977 ┆ -0.7029087543487549 ┆ -0.5915980339050293 │
│ 2025-10-02 ┆ 1.750726580619812  ┆ 1.0600050687789917 ┆ 1.1603083610534668 ┆ -0.6907215118408203 ┆ -0.5904182195663452 │
│ 2025-10-16 ┆ 1.7431352138519287 ┆ 1.0634154081344604 ┆ 1.152315616607666  ┆ -0.6797198057174683 ┆ -0.5908195972442627 │
└────────────┴────────────────────┴────────────────────┴────────────────────┴─────────────────────┴─────────────────────┘

  правила неактивности и положительный пол (temporal-safe):
    -> diagnostics/inactivity_rules.csv  (21 строк)
shape: (21, 7)
┌─────────────────────────────────┬────────────┬─────────────────────────┬──────────────────────┬────────────────────┬────────────────────┬────────────────────────────┐
│ rule                            ┆ fold       ┆ seg_share               ┆ delta                ┆ base               ┆ after              ┆ gain                       │
│ ---                             ┆ ---        ┆ ---                     ┆ ---                  ┆ ---                ┆ ---                ┆ ---                        │
│ str                             ┆ str        ┆ f64                     ┆ f64                  ┆ f64                ┆ f64                ┆ f64                        │
╞═════════════════════════════════╪════════════╪═════════════════════════╪══════════════════════╪════════════════════╪════════════════════╪════════════════════════════╡
│ rec_buy>90: сдвиг из прошлых ф… ┆ 2025-09-18 ┆ 0.19699515770187148     ┆ -0.12347573786973953 ┆ 1.7625660978903417 ┆ 1.762751198738507  ┆ 0.00018510084816525385     │
│ rec_buy>90: сдвиг из прошлых ф… ┆ 2025-10-02 ┆ 0.19587080652988734     ┆ -0.11258228123188019 ┆ 1.7507266462181816 ┆ 1.7505625655485488 ┆ -0.00016408066963280454    │
│ rec_buy>90: сдвиг из прошлых ф… ┆ 2025-10-16 ┆ 0.1949802157271037      ┆ -0.1067517101764679  ┆ 1.7431352015199024 ┆ 1.7430813428991447 ┆ -0.000053858620757685216   │
│ rec_buy>120: сдвиг из прошлых … ┆ 2025-09-18 ┆ 0.16514068839157178     ┆ -0.12268299609422684 ┆ 1.7625660978903417 ┆ 1.7626828364438765 ┆ 0.00011673855353477869     │
│ rec_buy>120: сдвиг из прошлых … ┆ 2025-10-02 ┆ 0.16396997325678647     ┆ -0.11465632170438766 ┆ 1.7507266462181816 ┆ 1.7506039399708992 ┆ -0.00012270624728238921    │
│ rec_buy>120: сдвиг из прошлых … ┆ 2025-10-16 ┆ 0.16432852532437595     ┆ -0.10849866271018982 ┆ 1.7431352015199024 ┆ 1.7430748447303779 ┆ -0.00006035678952454049    │
│ rec_buy>180: сдвиг из прошлых … ┆ 2025-09-18 ┆ 0.13178379793220782     ┆ -0.13316504657268524 ┆ 1.7625660978903417 ┆ 1.7627482252662992 ┆ 0.00018212737595746376     │
│ rec_buy>180: сдвиг из прошлых … ┆ 2025-10-02 ┆ 0.13128955982116122     ┆ -0.11903827637434006 ┆ 1.7507266462181816 ┆ 1.7506468220846212 ┆ -0.0000798241335604466     │
│ rec_buy>180: сдвиг из прошлых … ┆ 2025-10-16 ┆ 0.1312601644551852      ┆ -0.11179759353399277 ┆ 1.7431352015199024 ┆ 1.7431114773783065 ┆ -0.000023724141595904413   │
│ пол z >= 0.05                   ┆ 2025-09-04 ┆ 0                       ┆ 0.05                 ┆ 1.7691335680915756 ┆ 1.7691335680915756 ┆ 0                          │
│ пол z >= 0.05                   ┆ 2025-09-18 ┆ 0                       ┆ 0.05                 ┆ 1.7625660978903417 ┆ 1.7625660978903417 ┆ 0                          │
│ пол z >= 0.05                   ┆ 2025-10-02 ┆ 0                       ┆ 0.05                 ┆ 1.7507266462181816 ┆ 1.7507266462181816 ┆ 0                          │
│ пол z >= 0.05                   ┆ 2025-10-16 ┆ 0                       ┆ 0.05                 ┆ 1.7431352015199024 ┆ 1.7431352015199024 ┆ 0                          │
│ пол z >= 0.1                    ┆ 2025-09-04 ┆ 0.00002652266627059485  ┆ 0.1                  ┆ 1.7691335680915756 ┆ 1.7691335680915756 ┆ 0                          │
│ пол z >= 0.1                    ┆ 2025-09-18 ┆ 0.000031409501374165685 ┆ 0.1                  ┆ 1.7625660978903417 ┆ 1.762566105258599  ┆ 0.000000007368257337603268 │
│ пол z >= 0.1                    ┆ 2025-10-02 ┆ 0.00002581391266637067  ┆ 0.1                  ┆ 1.7507266462181816 ┆ 1.750726561641802  ┆ -0.00000008457637967751452 │
│ пол z >= 0.1                    ┆ 2025-10-16 ┆ 0.00008106232172622214  ┆ 0.1                  ┆ 1.7431352015199024 ┆ 1.7431350805734458 ┆ -0.00000012094645662763526 │
│ пол z >= 0.2                    ┆ 2025-09-04 ┆ 0.0009495114524872957   ┆ 0.2                  ┆ 1.7691335680915756 ┆ 1.7691339247622841 ┆ 0.00000035667070852341     │
│ пол z >= 0.2                    ┆ 2025-09-18 ┆ 0.0010888627143044104   ┆ 0.2                  ┆ 1.7625660978903417 ┆ 1.762568550591527  ┆ 0.00000245270118526264     │
│ пол z >= 0.2                    ┆ 2025-10-02 ┆ 0.001388788501450742    ┆ 0.2                  ┆ 1.7507266462181816 ┆ 1.750728624749222  ┆ 0.0000019785310403364065   │
│ пол z >= 0.2                    ┆ 2025-10-16 ┆ 0.0017225743366822205   ┆ 0.2                  ┆ 1.7431352015199024 ┆ 1.743134346630723  ┆ -0.0000008548891794468716  │
└─────────────────────────────────┴────────────┴─────────────────────────┴──────────────────────┴────────────────────┴────────────────────┴────────────────────────────┘

  из чего состоит остаточная дисперсия (активность против величины):
    -> diagnostics/variance_split.csv  (4 строк)
shape: (4, 12)
┌────────────┬──────┬────────────────────┬────────────────────┬───┬─────────────────────┬─────────────────────┬────────────────────┬────────────────────┐
│ fold       ┆ bins ┆ var_within         ┆ var_activity       ┆ … ┆ explained_magnitude ┆ explained_total     ┆ sigma_pos_within   ┆ sigma_pos_uncond   │
│ ---        ┆ ---  ┆ ---                ┆ ---                ┆   ┆ ---                 ┆ ---                 ┆ ---                ┆ ---                │
│ str        ┆ i64  ┆ f64                ┆ f64                ┆   ┆ f64                 ┆ f64                 ┆ f64                ┆ f64                │
╞════════════╪══════╪════════════════════╪════════════════════╪═══╪═════════════════════╪═════════════════════╪════════════════════╪════════════════════╡
│ 2025-09-04 ┆ 50   ┆ 3.131850362268261  ┆ 2.3590851860681052 ┆ … ┆ 0.271744173449064   ┆ 0.43463850021362305 ┆ 1.134703738058847  ┆ 1.3296597003936768 │
│ 2025-09-18 ┆ 50   ┆ 3.1084893051290243 ┆ 2.319379619035496  ┆ … ┆ 0.2776225849116536  ┆ 0.4396754503250122  ┆ 1.137039856767421  ┆ 1.3378074169158936 │
│ 2025-10-02 ┆ 50   ┆ 3.0679924682334936 ┆ 2.2774651112136173 ┆ … ┆ 0.2798054869397947  ┆ 0.4427606463432312  ┆ 1.1361453853373678 ┆ 1.338779330253601  │
│ 2025-10-16 ┆ 50   ┆ 3.041963303423555  ┆ 2.2499026423123714 ┆ … ┆ 0.28098909196838806 ┆ 0.4451187252998352  ┆ 1.1368366276227346 ┆ 1.3406959772109985 │
└────────────┴──────┴────────────────────┴────────────────────┴───┴─────────────────────┴─────────────────────┴────────────────────┴────────────────────┘

  остаточная линейная структура по признакам:
    -> diagnostics/residual_structure.csv  (4 строк)
shape: (4, 18)
┌────────────┬───────────────────────┬───────────────────────┬──────────────────────┬───┬────────────────────────┬─────────────────────────┬────────────────────────┬────────────────────────┐
│ fold       ┆ rec_buy               ┆ rec_any               ┆ w30_gmv              ┆ … ┆ tenure                 ┆ w30_searches            ┆ w90_searches           ┆ w180_lgmv_mean         │
│ ---        ┆ ---                   ┆ ---                   ┆ ---                  ┆   ┆ ---                    ┆ ---                     ┆ ---                    ┆ ---                    │
│ str        ┆ f64                   ┆ f64                   ┆ f64                  ┆   ┆ f64                    ┆ f64                     ┆ f64                    ┆ f64                    │
╞════════════╪═══════════════════════╪═══════════════════════╪══════════════════════╪═══╪════════════════════════╪═════════════════════════╪════════════════════════╪════════════════════════╡
│ 2025-09-04 ┆ -0.013846805679487402 ┆ 0.0031287772774681905 ┆ 0.012235108625671176 ┆ … ┆ -0.0025594535038540125 ┆ -0.0054594014570162495  ┆ -0.001836087661779451  ┆ 0.003961082096005687   │
│ 2025-09-18 ┆ -0.02109152653381854  ┆ 0.004364109605906451  ┆ 0.019588671409082548 ┆ … ┆ 0.0017549892139707645  ┆ -0.003169961888231543   ┆ -0.0060093933271850595 ┆ -0.0015175408362639808 │
│ 2025-10-02 ┆ -0.02490618759911362  ┆ 0.0012070910447695288 ┆ 0.025744749178977108 ┆ … ┆ 0.006949417332428801   ┆ 0.003075318391310494    ┆ -0.005446916799691913  ┆ -0.008759864712960459  │
│ 2025-10-16 ┆ -0.016516154360185747 ┆ 0.0037356417989676295 ┆ 0.019029153338929353 ┆ … ┆ 0.0062121584994704665  ┆ -0.00046353546294061585 ┆ -0.005411564280311689  ┆ -0.008700078858672872  │
└────────────┴───────────────────────┴───────────────────────┴──────────────────────┴───┴────────────────────────┴─────────────────────────┴────────────────────────┴────────────────────────┘

=== 4. temporal stability ===
    -> diagnostics/fold_stability.csv  (4 строк)
shape: (4, 16)
┌────────────┬────────┬────────────────────┬────────────────────┬───┬───────────────────┬───────────────────────┬────────────────────┬────────────────────┐
│ fold       ┆ n      ┆ rmsle_raw          ┆ rmsle_cal          ┆ … ┆ p90_z             ┆ log_bias              ┆ spread_ratio       ┆ auc_zero           │
│ ---        ┆ ---    ┆ ---                ┆ ---                ┆   ┆ ---               ┆ ---                   ┆ ---                ┆ ---                │
│ str        ┆ i64    ┆ f64                ┆ f64                ┆   ┆ f64               ┆ f64                   ┆ f64                ┆ f64                │
╞════════════╪════════╪════════════════════╪════════════════════╪═══╪═══════════════════╪═══════════════════════╪════════════════════╪════════════════════╡
│ 2025-09-04 ┆ 188518 ┆ 1.7724807262420654 ┆ 1.7691335680915756 ┆ … ┆ 4.715269088745117 ┆ -0.10887670516967773  ┆ 0.6452449560165405 ┆ 0.8398167031440824 │
│ 2025-09-18 ┆ 191025 ┆ 1.7637865543365479 ┆ 1.7625660978903417 ┆ … ┆ 4.770114421844482 ┆ -0.06560397148132324  ┆ 0.6459094882011414 ┆ 0.841747346020692  │
│ 2025-10-02 ┆ 193694 ┆ 1.7511165142059326 ┆ 1.7507266462181816 ┆ … ┆ 4.774097442626953 ┆ -0.036947011947631836 ┆ 0.6500502228736877 ┆ 0.8433085423046676 │
│ 2025-10-16 ┆ 197379 ┆ 1.7440186738967896 ┆ 1.7431352015199024 ┆ … ┆ 4.780065536499023 ┆ -0.05550432205200195  ┆ 0.6560271382331848 ┆ 0.8441911318599568 │
└────────────┴────────┴────────────────────┴────────────────────┴───┴───────────────────┴───────────────────────┴────────────────────┴────────────────────┘

=== 5. predictability baselines ===
    -> diagnostics/naive_baselines.csv  (8 строк)
shape: (8, 6)
┌─────────────────────────┬────────────────────┬────────────────────┬────────────────────┬────────────────────┬────────────────────┐
│ baseline                ┆ wcv                ┆ fold_09-04         ┆ fold_09-18         ┆ fold_10-02         ┆ fold_10-16         │
│ ---                     ┆ ---                ┆ ---                ┆ ---                ┆ ---                ┆ ---                │
│ str                     ┆ f64                ┆ f64                ┆ f64                ┆ f64                ┆ f64                │
╞═════════════════════════╪════════════════════╪════════════════════╪════════════════════╪════════════════════╪════════════════════╡
│ смесь S1-DIST-MIX       ┆ 1.7494835973936138 ┆ 1.7691335680915756 ┆ 1.7625660978903417 ┆ 1.7507266462181816 ┆ 1.7431352015199024 │
│ w365_gmv / 12.17        ┆ 1.8841206601330938 ┆ 1.8970926024862915 ┆ 1.8938456476000598 ┆ 1.8850195300039445 ┆ 1.8796184855367772 │
│ w180_gmv / 6            ┆ 1.892232797124442  ┆ 1.9047238228603807 ┆ 1.9021906671573616 ┆ 1.8928223550861072 ┆ 1.8878871724183865 │
│ EWMA 0.5/0.3/0.2        ┆ 1.9346095360749473 ┆ 1.9483982155463888 ┆ 1.9487287593512315 ┆ 1.9335288090954246 ┆ 1.929896508811707  │
│ среднее 3 блоков по 30д ┆ 1.9403497830041043 ┆ 1.950645806456532  ┆ 1.9518482800375612 ┆ 1.9395336889617147 ┆ 1.9365962028353816 │
│ среднее 2 блоков по 30д ┆ 1.9937867152775426 ┆ 2.0050513126436895 ┆ 2.0091071121918933 ┆ 1.9950408792880787 ┆ 1.9879214593729182 │
│ персистентность w30_gmv ┆ 2.2250150486283844 ┆ 2.1652096416701574 ┆ 2.1729846045730468 ┆ 2.2436050834338253 ┆ 2.2362033181092764 │
│ константа (оптимальная) ┆ 2.3442661508713845 ┆ 2.3528677078936098 ┆ 2.3546457770300484 ┆ 2.345294769864318  ┆ 2.340081740207473  │
└─────────────────────────┴────────────────────┴────────────────────┴────────────────────┴────────────────────┴────────────────────┘
    -> diagnostics/persistence.csv  (1 строк)
shape: (1, 5)
┌──────────────────────────┬────────┬──────────────────────┬────────────────────┬─────────────────────────┐
│ pair                     ┆ n      ┆ corr_residual        ┆ corr_target        ┆ corr_w30gmv_next_target │
│ ---                      ┆ ---    ┆ ---                  ┆ ---                ┆ ---                     │
│ str                      ┆ i64    ┆ f64                  ┆ f64                ┆ f64                     │
╞══════════════════════════╪════════╪══════════════════════╪════════════════════╪═════════════════════════╡
│ 2025-09-04 -> 2025-10-16 ┆ 178930 ┆ 0.012740819483787462 ┆ 0.5150699060623184 ┆ 0.5186268092691871      │
└──────────────────────────┴────────┴──────────────────────┴────────────────────┴─────────────────────────┘

=== 6. test prediction shift ===
    -> diagnostics/test_shift.csv  (5 строк)
shape: (5, 18)
┌─────────────────┬────────┬────────────────────┬────────────────────┬───┬────────────────────┬────────────────────┬─────────────────────┬─────────────────────┐
│ source          ┆ n      ┆ mean_z_raw         ┆ mean_z             ┆ … ┆ persist_level      ┆ mean_ly            ┆ target_over_persist ┆ zero_rate           │
│ ---             ┆ ---    ┆ ---                ┆ ---                ┆   ┆ ---                ┆ ---                ┆ ---                 ┆ ---                 │
│ str             ┆ i64    ┆ f64                ┆ f64                ┆   ┆ f64                ┆ f64                ┆ f64                 ┆ f64                 │
╞═════════════════╪════════╪════════════════════╪════════════════════╪═══╪════════════════════╪════════════════════╪═════════════════════╪═════════════════════╡
│ test 2026-02-13 ┆ 250000 ┆ 2.4855945110321045 ┆ 2.329343557357788  ┆ … ┆ 2.2420990467071533 ┆ NaN                ┆ NaN                 ┆ NaN                 │
│ OOF 2025-09-04  ┆ 188518 ┆ 2.7006676197052    ┆ 2.5917811393737793 ┆ … ┆ 2.676713466644287  ┆ 2.5917909145355225 ┆ 0.9682735800743103  ┆ 0.3998185849627091  │
│ OOF 2025-09-18  ┆ 191025 ┆ 2.7064170837402344 ┆ 2.640813112258911  ┆ … ┆ 2.6424145698547363 ┆ 2.640813112258911  ┆ 0.9993939399719238  ┆ 0.38964009946342104 │
│ OOF 2025-10-02  ┆ 193694 ┆ 2.6745266914367676 ┆ 2.6375796794891357 ┆ … ┆ 2.599665880203247  ┆ 2.6375796794891357 ┆ 1.0145840644836426  ┆ 0.38758041033795576 │
│ OOF 2025-10-16  ┆ 197379 ┆ 2.687023401260376  ┆ 2.631519079208374  ┆ … ┆ 2.629645347595215  ┆ 2.631519079208374  ┆ 1.000712513923645   ┆ 0.3871384493791133  │
└─────────────────┴────────┴────────────────────┴────────────────────┴───┴────────────────────┴────────────────────┴─────────────────────┴─────────────────────┘
