================================================================================================
SEASONALITY WITH A FIXED 1-BLOCK PANEL (constructible from 2025-02-13 onwards)
================================================================================================
  2025-02-13  n=190,797  m_x=2.0173 m_y=2.1832 dm=+0.1659  dP=+0.0298 dmu=+0.0804   <== YoY ANALOGUE
  2025-02-27  n=193,318  m_x=2.0948 m_y=2.1628 dm=+0.0680  dP=+0.0099 dmu=+0.0521
  2025-03-13  n=195,466  m_x=2.1861 m_y=2.1070 dm=-0.0791  dP=-0.0161 dmu=-0.0211
  2025-03-27  n=197,313  m_x=2.1822 m_y=2.1140 dm=-0.0682  dP=-0.0158 dmu=-0.0020
  2025-04-10  n=198,671  m_x=2.1228 m_y=2.1164 dm=-0.0063  dP=-0.0027 dmu=+0.0097
  2025-04-24  n=199,994  m_x=2.1307 m_y=2.1239 dm=-0.0068  dP=-0.0013 dmu=-0.0025
  2025-05-08  n=201,274  m_x=2.1512 m_y=2.1558 dm=+0.0045  dP=-0.0010 dmu=+0.0174
  2025-05-22  n=202,557  m_x=2.1525 m_y=2.2087 dm=+0.0563  dP=+0.0070 dmu=+0.0518
  2025-06-05  n=203,992  m_x=2.1700 m_y=2.2456 dm=+0.0756  dP=+0.0114 dmu=+0.0520
  2025-06-19  n=205,683  m_x=2.2270 m_y=2.2765 dm=+0.0495  dP=+0.0076 dmu=+0.0320
  2025-07-03  n=207,093  m_x=2.2739 m_y=2.3080 dm=+0.0341  dP=+0.0052 dmu=+0.0221
  2025-07-17  n=208,274  m_x=2.3007 m_y=2.3605 dm=+0.0598  dP=+0.0099 dmu=+0.0320
  2025-07-31  n=209,914  m_x=2.3365 m_y=2.4509 dm=+0.1143  dP=+0.0189 dmu=+0.0596
  2025-08-14  n=212,368  m_x=2.3709 m_y=2.4445 dm=+0.0736  dP=+0.0118 dmu=+0.0405
  2025-08-28  n=215,249  m_x=2.4523 m_y=2.3936 dm=-0.0587  dP=-0.0098 dmu=-0.0294
  2025-09-11  n=217,820  m_x=2.4544 m_y=2.4137 dm=-0.0408  dP=-0.0064 dmu=-0.0231
  2025-09-25  n=220,479  m_x=2.4083 m_y=2.4481 dm=+0.0398  dP=+0.0077 dmu=+0.0119
  2025-10-09  n=223,667  m_x=2.4029 m_y=2.4354 dm=+0.0326  dP=+0.0093 dmu=-0.0125
  2025-10-23  n=227,117  m_x=2.4362 m_y=2.4594 dm=+0.0232  dP=+0.0081 dmu=-0.0197   <== CONTAMINATED
  2025-11-06  n=230,638  m_x=2.4185 m_y=2.4998 dm=+0.0812  dP=+0.0145 dmu=+0.0332   <== CONTAMINATED
  2025-11-20  n=235,304  m_x=2.4224 m_y=2.5448 dm=+0.1224  dP=+0.0184 dmu=+0.0752   <== CONTAMINATED
  2025-12-04  n=242,273  m_x=2.4268 m_y=2.5482 dm=+0.1213  dP=+0.0163 dmu=+0.0885   <== CONTAMINATED

clean cutoffs (n=18): dm mean=+0.0286 median=+0.0370 std=0.0645  min=-0.0791 max=+0.1659
YoY analogue  dm=+0.1659  =>  seasonal excess over median = +0.1290
              dP=+0.0298 (median +0.0073), dmu=+0.0804 (median +0.0197)

================================================================================================
PLATFORM-LEVEL DAILY CALENDAR FACTOR for the target window (from 2025)
================================================================================================
  mean daily GMV in the 2025 feature window [01-15..02-13] = 0.4796M
  mean daily GMV in the 2025 target  window [02-14..03-15] = 0.5577M   ratio = 1.1628

  per-day factor (target day / feature-window mean), 2025:
    2025-02-14 Fri  factor=1.100 ###########
    2025-02-15 Sat  factor=1.144 #############
    2025-02-16 Sun  factor=1.202 ################
    2025-02-17 Mon  factor=1.096 ###########
    2025-02-18 Tue  factor=1.091 ###########
    2025-02-19 Wed  factor=1.191 ###############
    2025-02-20 Thu  factor=1.153 ##############
    2025-02-21 Fri  factor=1.128 #############
    2025-02-22 Sat  factor=1.123 ############
    2025-02-23 Sun  factor=1.076 ###########
    2025-02-24 Mon  factor=1.022 ########
    2025-02-25 Tue  factor=1.054 ##########
    2025-02-26 Wed  factor=1.158 ##############
    2025-02-27 Thu  factor=1.103 ############
    2025-02-28 Fri  factor=1.190 ###############
    2025-03-01 Sat  factor=1.270 ##################
    2025-03-02 Sun  factor=1.221 ################
    2025-03-03 Mon  factor=1.367 ######################
    2025-03-04 Tue  factor=1.253 ##################
    2025-03-05 Wed  factor=1.251 ##################
    2025-03-06 Thu  factor=1.277 ###################
    2025-03-07 Fri  factor=1.080 ###########
    2025-03-08 Sat  factor=1.065 ##########
    2025-03-09 Sun  factor=1.175 ##############
    2025-03-10 Mon  factor=1.233 #################
    2025-03-11 Tue  factor=1.153 ##############
    2025-03-12 Wed  factor=1.193 ###############
    2025-03-13 Thu  factor=1.148 #############
    2025-03-14 Fri  factor=1.181 ###############
    2025-03-15 Sat  factor=1.186 ###############

total 4s
